#-----------------------------------------------------------
# PlanAhead v12.2
# Build 65285 by hdbuild on Wed Jun 23 14:55:19 PDT 2010
# Start of session at: Mon Nov 21 18:03:30 2011
# Process ID: 5696
# Log file: C:/Users/jhparker/3710/CPU/planAhead_run_3/planAhead.log
# Journal file: C:/Users/jhparker/3710/CPU/planAhead_run_3/planAhead.jou
#-----------------------------------------------------------
source C:/Xilinx/12.2/ISE_DS/PlanAhead/scripts/sdc.tcl
start_gui -source C:/Users/jhparker/3710/CPU/pa.fromNetlist.tcl
# create_project -name CPU -dir "C:/Users/jhparker/3710/CPU/planAhead_run_3" -part xc3s500efg320-4
# set_property design_mode GateLvl [get_property srcset [current_run -impl]]
# set_property edif_top_file "C:/Users/jhparker/3710/CPU/Top.ngc" [ get_property srcset [ current_run ] ]
# add_files -norecurse { {C:/Users/jhparker/3710/CPU} }
# set_param project.paUcfFile  "s3e.ucf"
# add_files "s3e.ucf" -fileset [get_property constrset [current_run]]
# open_netlist_design
exit
